Shopping in Irvine

@Ralphs	
deli meat,1
peanut butter,1
jelly,1
olives,2
Worcestershire sauce,2
barbecue sauce,2
butter chicken sauce,2
salsa,2
salsa verde,2
fish sauce,2
coconut milk,2
garbanzo beans,3
chickpeas,3
red kidney beans,3
fried onions,3
canned pumpkin,3
crushed tomatoes,3
fire roasted tomatoes,3
fire roasted tomato,3
tomato sauce,3
tomato paste,3
Rotel tomatoes,3
stewed tomatoes,3
diced tomatoes,3
diced tomato,3
crushed tomatoes,3
macaroni,3
pasta,3
spaghetti,3
pasta sauce,3
Marinara sauce,3
pizza sauce,3
pesto,3
chicken broth,4
beef broth,4
cream of mushroom,4
tomato soup,4
chicken/spam,4
spam,4
tuna,4
rice,4
basmati rice,4
bomba rice,4
Arborio rice,4
gravy,4
distilled white vinegar,5
balsamic vinegar,5
rice vinegar,5
white vinegar,5
corn syrup,5
sugar,5
all purpose flour,5
sherry,5
dry sherry,5
baking soda,5
brown sugar,5
star anise,5
bay leaves,5
crushed red pepper,5
cardamon,5
nutmeg,5
allspice,5
paprika,5
cajun seasoning,5
chocolate syrup,5
vegetable oil,5
sesame oil,5
toasted sesame oil,5
oil,5
olive oil,5
white pepper,5
salt,5
pepper,5
bay leaf,5
rosemary,5
minced garlic,5
cumin,5
coriander,5
chili powder,5
oregano,5
garam masala,5
turmeric,5
curry powder,5
thyme,5
pimenton,5
saffron,5
black pepper,5
parsley,5
garlic powder,5
red pepper flakes,5
Sichuan chili powder,5
Sichuan peppercorns,5
furikake,5
five-spice powder,5
smoked paprika,5
ginger,5
flour,5
cornstarch,5
sesame oil,5
bread,6
vanilla ice cream,6
ice cream,6
bagel,6
bagels,6
frozen pizza,7
frozen fries,7
fries,7
sweet potato fries,7
green beans,7
frozen peas,7
frozen okra,7
frozen fruit,7
frozen broccoli,7
frozen peas & carrots,7
peas,7
edamame,7
brazi bites,7
taquitos,7
burger,7.99
english muffin,7.99
pork shoulder,7.99
ground beef,7.99
ground lamb,7.99
bone-in chicken thighs,7.99
boneless rib eye steak,7.99
boneless beef chuck,7.99
beef chuck,7.99
ribeye steak,7.99
skinless boneless chicken thighs,7.99
chicken thighs or sausage,7.99
chicken thigh,7.99
chicken thighs,7.99
chicken thighs boneless,7.99
chicken breast,7.99
chicken wings,7.99
chicken breasts,7.99
chicken,7.99
flank steak,7.99
steak,7.99
smoked salmon,7.99
shrimp,7.99
salmon,7.99
tilapia,7.99
cod,7.99
lamb,7.99
crumbled rice chex,12
bars,12
milk,12.99
buttermilk,12.99
heavy whipping cream,12.99
cream,12.99
half & half,12.99
heavy cream,12.99
sour cream,12.99
parmesan cheese,12.99
parmesan,12.99
feta cheese,12.99
unsalted butter,12.99
white cheddar,12.99
sharp cheddar,12.99
cheese,12.99
shredded cheese,12.99
mozzarella,12.99
mozzarella cheese,12.99
cheddar,12.99
shredded mozzarella,12.99
shredded monterey jack,12.99
cheddar cheese,12.99
shredded cheddar,12.99
ricotta cheese,12.99
plain Greek yogurt,12.99
yogurt,12.99
sour cream,12.99
butter,12.99
egg,12.99
eggs,12.99
cream cheese,12.99
floss,13
shampoo,13
toilet paper,14
paper towels,14
sponges,15
ziploc,15
ziploc bags,15
parchment paper,15
foil,15
small trash bags,15
chips,18
popcorn,18
arugula,20
spinach,20
mint leaves,20


@Sprouts
dish soap,1
chorizo,1
ramen noodles,1
ramen noodle,1
rice noodles,1
bean noodle,1
pad thai noodle,1
alfredo,1
soy sauce,1
graham crackers,1
shallots, 100
chilis, 100
chili,100
celery, 100
lime juice,100
basil,100
cucumber,100
avocado,100
red onion,100
bell peppers,100
large shallots,100
jalapeno peppers,100
cucumbers,100
cauliflower,100
onion,100
tomato,100
tomatoes,100
orange,100
paneer,100
scallions,100
potato,100
potatoes,100
russet potatoes,100
broccoli,100
bell pepper,100
yellow onion,100
red bell pepper,100
green bell pepper,100
lemon,100
lemon juice,100
lime,100
cabbage,100
carrots,100
grape tomatoes,100
grape tomato,100
persian cucumber,100
zucchini,100
green onions,100
carrot,100
garlic,100
Yukon gold potatoes,100
yukon gold potato,100
grapes,100
brussel sprouts,100
banana,100
lemon,100
ground pork,200
cereal,200

@H-Mart
kewpie mayo, 1.0
korean radish, 100
bokchoy, 100
scallion,100
green onion,100
short ribs, 200
lamb slices, 200
beef or fish balls, 200
beansprouts,200