Shopping in Mountain View

@Safeway
parmesan, 0.9
peanut butter, 0.9
finely grated parmesan, 0.9
parmesan cheese, 0.9
cream cheese, 1.1
cheddar cheese, 1.3
sharp cheddar, 1.4
cheese, 1.5
mozzarella cheese, 1.5
mozzarella, 1.5
yogurt, 1.7
sour cream, 1.7
frozen broccoli, 2.6
broccoli, 2.6
green beans, 2.6
frozen green beans, 2.6
eggs, 2.99
unsalted butter, 2.99
butter, 2.99
#bread 3.4
tater tots, 3.7
frozen fries, 3.7
body wash, 5.8
bars, 8.8
meatballs, 10.99
chips, 12.3
chocolate, 13.3
chicken, 13.99
ground beef, 13.99
semi-sweet chocolate chips, 14.5
brown sugar, 14.8
sugar, 14.8
mayo, 15.1
marshmallows, 15.3
ranch dressing, 15.5
ranch, 15.5
plates, 15.9
pizza sauce, 16.2
pasta sauce, 16.2
tomato sauce, 16.2
pasta, 16.4
marinated artichoke hearts, 16.4
corn tortillas, 18.9
tortillas, 18.9
sausage, 18.99
bacon, 18.99
pepperoni, 18.99
deli meat, 18.99
red onion, 100
roma tomato, 100
banana, 100
potato, 100
potatoes, 100

@Sprouts
baby ribs, 200
bread, 1.0
bagel, 1.0
carrots, 100
cauliflower, 100
celery, 100
scallion, 100
chives, 100
ground beef, 200
lamb chops, 200
onion, 100
jerky sticks, 2.
soy sauce, 2.
