Shopping in Sunnyvale

@Safeway
parmesan cheese, 0.9
parmesan, 0.9
peanut butter, 0.9
chorizo, 0.9
jelly, 0.9
feta cheese, 0.9
bars, 5.2
bar, 5.2
popcorn, 3.5
chips, 3.5
baking soda, 5.5
crumbled rice chex, 5.7
corn syrup, 5.9
sugar, 5.9
brown sugar, 5.9
chocolate syrup, 6.4
vegetable oil, 6.7
olive oil, 6.7
white pepper, 6.9
salt, 6.9
pepper, 6.9
bay leaf, 6.9
rosemary, 6.9
minced garlic, 6.9
cumin, 6.9
coriander, 6.9
oregano, 6.9
garam masala, 6.9
turmeric, 6.9
curry powder, 6.9
thyme, 6.9
pimenton, 6.9
saffron, 6.9
red pepper flakes, 6.9
Sichuan chili powder, 6.9
Sichuan peppercorns, 6.9
cajun seasoning, 6.9
smoked paprika, 6.9
taco seasoning, 6.9
dates, 6.99
milk, 9.99
buttermilk, 9.99
cream, 9.99
heavy whipping cream, 9.99
frozen pizza, 9.1
english muffin, 9.9
frozen fries, 10.5
fries, 10.5
green beans, 10.6
frozen peas, 10.6
frozen okra, 10.6
peas, 10.6
edamame, 10.6
vanilla ice cream, 10.8
heavy cream, 10.99
butter, 11.1
unsalted butter, 11.1
white cheddar, 11.2
sharp cheddar, 11.2
cheese, 11.3
shredded cheese, 11.3
mozzarella, 11.3
mozzarella cheese, 11.3
cheddar, 11.3
shredded mozzarella, 11.3
shredded monterey jack, 11.3
cheddar cheese, 11.3
shredded cheddar, 11.3
ricotta cheese, 11.5
plain Greek yogurt, 11.5
yogurt, 11.5
crackers, 11.5
pepperoni, 11.5
sour cream, 11.5
oreos, 11.5
cream cheese, 11.6
deli meat, 11.7
bacon, 11.8
egg, 11.9
eggs, 11.9
laundry detergent, 12.1
sponges, 12.3
toilet paper, 12.5
body wash, 13.2
shampoo, 13.2
lotion, 13.2
toilet paper, 14.2
paper towels, 14.6
garbanzo beans, 15.3
chicken broth, 15.5
beef broth, 15.5
ziploc, 15.5
parchment paper, 15.5
foil, 15.5
small trash bags, 15.6
cream of mushroom, 15.8
tomato soup, 15.9
chicken/spam, 16.5
spam, 16.5
red kidney beans, 16.5
kidney beans, 16.5
olives, 16.5
tuna, 16.6
dry sherry, 16.7
Worchestershire sauce, 16.9
barbecue sauce, 16.9
tortillas, 16.9
macaroni, 17.2
pasta, 17.2
spaghetti, 17.2
rice noodles, 17.3
pasta sauce, 17.4
Marinara sauce, 17.4
pizza sauce, 17.4
pesto, 17.4
alfredo, 17.4
lentils, 17.5
rice, 17.5
bomba rice, 17.5
Arborio rice, 17.5
gravy, 17.6
crushed tomatoes, 17.9
stewed tomatos, 17.9
tomato sauce, 17.9
tomato paste, 17.9
Rotel tomatoes, 17.9
stewed tomatoes, 17.9
diced tomatoes, 17.9
crushed tomatoes, 17.9
soy sauce, 18.1
Sriracha, 18.2
coconut milk, 18.2
salsa, 18.3
salsa verde, 18.3
pork shoulder, 18.99
ground beef, 18.99
beef patty, 18.99
ground pork, 18.99
bone-in chicken thighs, 18.99
boneless rib eye steak, 18.99
boneless beef chuck, 18.99
skinless boneless chicken thighs, 18.99
chicken thighs or sausage, 18.99
chicken thigh, 18.99
sausage, 18.99
chicken thighs, 18.99
boneless chicken thighs, 18.99
chicken breast, 18.99
chicken wings, 18.99
chicken breasts, 18.99
chicken, 18.99
flank steak, 18.99
steak, 18.99
boneless pork chops, 18.99
arugula, 19.4
microwavable pork, 19.5
spinach, 100
juice, 100
chives, 100

@Sprouts
oyster sauce, 50
tartar sauce, 50
cornstarch, 50
cereal, 50
ramen noodles, 50
bagel, 50
tofu, 50
graham crackers, 50
brazi bites, 50
orzo, 50
soap, 50
seafood stock, 50
Chia seeds, 50
bread, 100
yellow potato, 100
shallots, 100
chilis, 100
lime juice, 100
cherry tomato, 100
basil, 100
cucumber, 100
avocado, 100
red onion, 100
bell peppers, 100
large shallots, 100
jalapeno peppers, 100
lettuce, 100
fruit, 100
cucumbers, 100
onion, 100
tomato, 100
tomatoes, 100
orange, 100
paneer, 100
scallions, 100
potato, 100
potatoes, 100
broccoli, 100
bell pepper, 100
yellow onion, 100
red bell pepper, 100
green bell pepper, 100
lemon, 100
cabbage, 100
carrots, 100
grape tomatoes, 100
persian cucumber, 100
zucchini, 100
green onions, 100
carrot, 100
garlic, 100
scallion, 100
Yukon gold potatoes, 100
grapes, 100
green onion, 100
shrimp, 200
salmon, 200
tilapia, 200
cod, 200